// Jest Snapshot v1, https://goo.gl/fbAQLP

exports[`renders <Button /> without throwing 1`] = `
<button
  className="sc-bdVaJa eQzKrE"
/>
`;
